
> base-electoral@0.1.0 build
> react-scripts build

node.exe : (node:12620) 
[DEP0176] 
DeprecationWarning: fs.F_OK 
is deprecated, use 
fs.constants.F_OK instead
En línea: 1 Carácter: 1
+ & "C:\Program 
Files\nodejs/node.exe" 
"C:\Program 
Files\nodejs/node_mo ...
+ ~~~~~~~~~~~~~~~~~~~~~~~~~~
~~~~~~~~~~~~~~~~~~~~~~~~~~~~
~~~~~~~~~~~~~~~
    + CategoryInfo          
    : NotSpecified: ((node  
  :12620) [D...ts.F_OK in   
 stead:String) [], Remot    
eException
    + FullyQualifiedErrorId 
    : NativeCommandError
 
(Use `node 
--trace-deprecation ...` to 
show where the warning was 
created)
Creating an optimized production build...
Failed to compile.

[eslint] 
src\App.js
  Line 181:37:  'handleToggleYaVoto' is not defined  no-undef

Search for the keywords to learn more about each error.


